xPack Open On-Chip Debugger 0.12.0+dev-02228-ge5888bda3-dirty (2025-10-04-22:44)
Licensed under GNU GPL v2
For bug reports, read
	http://openocd.org/doc/doxygen/bugs.html
adapter speed: 1000 kHz
Info : STLINK V2J46S7 (API v2) VID:PID 0483:3748
Info : Target voltage: 3.261621
Info : Unable to match requested speed 1000 kHz, using 950 kHz
Info : Unable to match requested speed 1000 kHz, using 950 kHz
Info : clock speed 950 kHz
Info : SWD DPIDR 0x2ba01477
Info : [stm32f1x.cpu] Cortex-M3 r2p1 processor detected
Info : [stm32f1x.cpu] target has 6 breakpoints, 4 watchpoints
Info : [stm32f1x.cpu] Examination succeed
Info : [stm32f1x.cpu] starting gdb server on 3333
Info : Listening on port 3333 for gdb connections
[stm32f1x.cpu] halted due to debug-request, current mode: Thread 
xPSR: 0x01000000 pc: 0x080001d0 msp: 0x20000c38
** Programming Started **
Info : device id = 0x20000410
Info : flash size = 64 KiB
Warn : Adding extra erase range, 0x080000a4 .. 0x080003ff
** Programming Finished **
** Verify Started **
** Verified OK **
** Resetting Target **
shutdown command invoked
