
Discarded input sections

 .group         0x0000000000000000        0xc main.o
 .group         0x0000000000000000        0xc main.o
 .group         0x0000000000000000        0xc main.o
 .group         0x0000000000000000        0xc math_ops.o
 .group         0x0000000000000000        0xc math_ops.o
 .debug_macro   0x0000000000000000      0xa60 math_ops.o
 .debug_macro   0x0000000000000000      0x34e math_ops.o
 .group         0x0000000000000000        0xc common/startup.o
 .group         0x0000000000000000        0xc common/startup.o
 .debug_macro   0x0000000000000000      0xa60 common/startup.o
 .debug_macro   0x0000000000000000      0x34e common/startup.o

Memory Configuration

Name             Origin             Length             Attributes
FLASH            0x0000000008000000 0x0000000000010000 xr
RAM              0x0000000020000000 0x0000000000005000 xrw
*default*        0x0000000000000000 0xffffffffffffffff

Linker script and memory map

LOAD main.o
LOAD math_ops.o
LOAD common/startup.o
                0x0000000020005000                _estack = (ORIGIN (RAM) + LENGTH (RAM))

.isr_vector     0x0000000008000000       0x40
 *(.isr_vector)
 .isr_vector    0x0000000008000000       0x40 common/startup.o
                0x0000000008000000                g_vectors

.text           0x0000000008000040       0xa4
 *(.text*)
 .text          0x0000000008000040        0x0 main.o
 .text.main     0x0000000008000040       0x18 main.o
                0x0000000008000040                main
 .text          0x0000000008000058        0x0 math_ops.o
 .text.add3     0x0000000008000058        0x6 math_ops.o
                0x0000000008000058                add3
 .text          0x000000000800005e        0x0 common/startup.o
 .text.Default_Handler
                0x000000000800005e        0x2 common/startup.o
                0x000000000800005e                Default_Handler
 .text.HardFault_Handler
                0x0000000008000060        0x2 common/startup.o
                0x0000000008000060                HardFault_Handler
 *fill*         0x0000000008000062        0x2 
 .text.Reset_Handler
                0x0000000008000064       0x40 common/startup.o
                0x0000000008000064                Reset_Handler
 *(.rodata*)
 .rodata.lookup_table
                0x00000000080000a4       0x40 main.o
                0x00000000080000a4                lookup_table
                0x00000000080000e4                . = ALIGN (0x4)

.glue_7         0x00000000080000e4        0x0
 .glue_7        0x00000000080000e4        0x0 linker stubs

.glue_7t        0x00000000080000e4        0x0
 .glue_7t       0x00000000080000e4        0x0 linker stubs

.vfp11_veneer   0x00000000080000e4        0x0
 .vfp11_veneer  0x00000000080000e4        0x0 linker stubs

.v4_bx          0x00000000080000e4        0x0
 .v4_bx         0x00000000080000e4        0x0 linker stubs

.iplt           0x00000000080000e4        0x0
 .iplt          0x00000000080000e4        0x0 main.o

.rel.dyn        0x00000000080000e4        0x0
 .rel.iplt      0x00000000080000e4        0x0 main.o

.data           0x0000000020000000        0x4 load address 0x00000000080000e4
                0x0000000020000000                . = ALIGN (0x4)
                0x0000000020000000                _sdata = .
 *(.data*)
 .data          0x0000000020000000        0x0 main.o
 .data.magic_word
                0x0000000020000000        0x4 main.o
                0x0000000020000000                magic_word
 .data          0x0000000020000004        0x0 math_ops.o
 .data          0x0000000020000004        0x0 common/startup.o
                0x0000000020000004                . = ALIGN (0x4)
                0x0000000020000004                _edata = .
                0x00000000080000e4                _sidata = LOADADDR (.data)

.igot.plt       0x0000000020000004        0x0 load address 0x00000000080000e8
 .igot.plt      0x0000000020000004        0x0 main.o

.bss            0x0000000020000004      0x304 load address 0x00000000080000e8
                0x0000000020000004                . = ALIGN (0x4)
                0x0000000020000004                _sbss = .
 *(.bss*)
 .bss           0x0000000020000004        0x0 main.o
 .bss.extra_buffer
                0x0000000020000004      0x200 main.o
                0x0000000020000004                extra_buffer
 .bss.result_word
                0x0000000020000204        0x4 main.o
                0x0000000020000204                result_word
 .bss.work_buffer
                0x0000000020000208      0x100 main.o
                0x0000000020000208                work_buffer
 .bss           0x0000000020000308        0x0 math_ops.o
 .bss           0x0000000020000308        0x0 common/startup.o
 *(COMMON)
                0x0000000020000308                . = ALIGN (0x4)
                0x0000000020000308                _ebss = .
OUTPUT(lesson.elf elf32-littlearm)
LOAD linker stubs

.debug_info     0x0000000000000000      0x3a0
 .debug_info    0x0000000000000000      0x162 main.o
 .debug_info    0x0000000000000162       0xbd math_ops.o
 .debug_info    0x000000000000021f      0x181 common/startup.o

.debug_abbrev   0x0000000000000000      0x230
 .debug_abbrev  0x0000000000000000       0xc0 main.o
 .debug_abbrev  0x00000000000000c0       0x7d math_ops.o
 .debug_abbrev  0x000000000000013d       0xf3 common/startup.o

.debug_aranges  0x0000000000000000       0x70
 .debug_aranges
                0x0000000000000000       0x20 main.o
 .debug_aranges
                0x0000000000000020       0x20 math_ops.o
 .debug_aranges
                0x0000000000000040       0x30 common/startup.o

.debug_ranges   0x0000000000000000       0x40
 .debug_ranges  0x0000000000000000       0x10 main.o
 .debug_ranges  0x0000000000000010       0x10 math_ops.o
 .debug_ranges  0x0000000000000020       0x20 common/startup.o

.debug_macro    0x0000000000000000      0xe29
 .debug_macro   0x0000000000000000       0x2d main.o
 .debug_macro   0x000000000000002d      0xa60 main.o
 .debug_macro   0x0000000000000a8d      0x34e main.o
 .debug_macro   0x0000000000000ddb       0x10 main.o
 .debug_macro   0x0000000000000deb       0x24 math_ops.o
 .debug_macro   0x0000000000000e0f       0x1a common/startup.o

.debug_line     0x0000000000000000      0x25c
 .debug_line    0x0000000000000000       0xa8 main.o
 .debug_line    0x00000000000000a8       0x88 math_ops.o
 .debug_line    0x0000000000000130      0x12c common/startup.o

.debug_str      0x0000000000000000     0x36c0
 .debug_str     0x0000000000000000     0x363a main.o
                                       0x379d (size before relaxing)
 .debug_str     0x000000000000363a        0xb math_ops.o
                                       0x3730 (size before relaxing)
 .debug_str     0x0000000000003645       0x7b common/startup.o
                                       0x3794 (size before relaxing)

.comment        0x0000000000000000       0x33
 .comment       0x0000000000000000       0x33 main.o
                                         0x34 (size before relaxing)
 .comment       0x0000000000000033       0x34 math_ops.o
 .comment       0x0000000000000033       0x34 common/startup.o

.ARM.attributes
                0x0000000000000000       0x2d
 .ARM.attributes
                0x0000000000000000       0x2d main.o
 .ARM.attributes
                0x000000000000002d       0x2d math_ops.o
 .ARM.attributes
                0x000000000000005a       0x2d common/startup.o

.debug_frame    0x0000000000000000       0x90
 .debug_frame   0x0000000000000000       0x28 main.o
 .debug_frame   0x0000000000000028       0x20 math_ops.o
 .debug_frame   0x0000000000000048       0x48 common/startup.o

.debug_loc      0x0000000000000000       0xb0
 .debug_loc     0x0000000000000000       0x25 math_ops.o
 .debug_loc     0x0000000000000025       0x8b common/startup.o
