
Discarded input sections

 .group         0x0000000000000000        0xc main.o
 .group         0x0000000000000000        0xc main.o
 .group         0x0000000000000000        0xc common/startup.o
 .group         0x0000000000000000        0xc common/startup.o
 .debug_macro   0x0000000000000000      0xa60 common/startup.o
 .debug_macro   0x0000000000000000      0x34e common/startup.o

Memory Configuration

Name             Origin             Length             Attributes
FLASH            0x0000000008000000 0x0000000000010000 xr
RAM              0x0000000020000000 0x0000000000005000 xrw
*default*        0x0000000000000000 0xffffffffffffffff

Linker script and memory map

LOAD main.o
LOAD common/startup.o
                0x0000000020005000                _estack = (ORIGIN (RAM) + LENGTH (RAM))

.isr_vector     0x0000000008000000        0x8
                0x0000000008000000                . = ALIGN (0x4)
 *(.isr_vector)
 .isr_vector    0x0000000008000000        0x8 common/startup.o
                0x0000000008000000                vector_table
                0x0000000008000008                . = ALIGN (0x4)

.text           0x0000000008000008       0x58
                0x0000000008000008                . = ALIGN (0x4)
                0x0000000008000008                _stext = .
 *(.text)
 .text          0x0000000008000008        0x0 main.o
 .text          0x0000000008000008        0x0 common/startup.o
 *(.text*)
 .text.main     0x0000000008000008        0x4 main.o
                0x0000000008000008                main
 .text.runtime_copy_data
                0x000000000800000c       0x24 common/startup.o
 .text.runtime_clear_bss
                0x0000000008000030       0x1c common/startup.o
 .text.Reset_Handler
                0x000000000800004c       0x10 common/startup.o
                0x000000000800004c                Reset_Handler
 .text.Default_Handler
                0x000000000800005c        0x2 common/startup.o
                0x000000000800005c                Default_Handler
 *(.rodata)
 *(.rodata*)
                0x0000000008000060                . = ALIGN (0x4)
 *fill*         0x000000000800005e        0x2 
                0x0000000008000060                _etext = .

.glue_7         0x0000000008000060        0x0
 .glue_7        0x0000000008000060        0x0 linker stubs

.glue_7t        0x0000000008000060        0x0
 .glue_7t       0x0000000008000060        0x0 linker stubs

.vfp11_veneer   0x0000000008000060        0x0
 .vfp11_veneer  0x0000000008000060        0x0 linker stubs

.v4_bx          0x0000000008000060        0x0
 .v4_bx         0x0000000008000060        0x0 linker stubs

.iplt           0x0000000008000060        0x0
 .iplt          0x0000000008000060        0x0 common/startup.o

.rel.dyn        0x0000000008000060        0x0
 .rel.iplt      0x0000000008000060        0x0 common/startup.o

.data           0x0000000020000000        0x4 load address 0x0000000008000060
                0x0000000020000000                . = ALIGN (0x4)
                0x0000000020000000                _sdata = .
 *(.data)
 .data          0x0000000020000000        0x0 main.o
 .data          0x0000000020000000        0x0 common/startup.o
 *(.data*)
 .data.initialized_value
                0x0000000020000000        0x4 main.o
                0x0000000020000000                initialized_value
                0x0000000020000004                . = ALIGN (0x4)
                0x0000000020000004                _edata = .
                0x0000000008000060                _sidata = LOADADDR (.data)

.igot.plt       0x0000000020000004        0x0 load address 0x0000000008000064
 .igot.plt      0x0000000020000004        0x0 common/startup.o

.bss            0x0000000020000004       0x14 load address 0x0000000008000064
                0x0000000020000004                . = ALIGN (0x4)
                0x0000000020000004                _sbss = .
 *(.bss)
 .bss           0x0000000020000004        0x0 main.o
 .bss           0x0000000020000004        0x0 common/startup.o
 *(.bss*)
 .bss.zero_buffer
                0x0000000020000004       0x10 main.o
                0x0000000020000004                zero_buffer
 .bss.zero_value
                0x0000000020000014        0x4 main.o
                0x0000000020000014                zero_value
 *(COMMON)
                0x0000000020000018                . = ALIGN (0x4)
                0x0000000020000018                _ebss = .
                0x0000000000000001                ASSERT ((_ebss <= (ORIGIN (RAM) + LENGTH (RAM))), RAM layout exceeds declared RAM region)
OUTPUT(lesson.elf elf32-littlearm)
LOAD linker stubs

.debug_info     0x0000000000000000      0x2a9
 .debug_info    0x0000000000000000       0xe2 main.o
 .debug_info    0x00000000000000e2      0x1c7 common/startup.o

.debug_abbrev   0x0000000000000000      0x18a
 .debug_abbrev  0x0000000000000000       0x84 main.o
 .debug_abbrev  0x0000000000000084      0x106 common/startup.o

.debug_aranges  0x0000000000000000       0x58
 .debug_aranges
                0x0000000000000000       0x20 main.o
 .debug_aranges
                0x0000000000000020       0x38 common/startup.o

.debug_ranges   0x0000000000000000       0x38
 .debug_ranges  0x0000000000000000       0x10 main.o
 .debug_ranges  0x0000000000000010       0x28 common/startup.o

.debug_macro    0x0000000000000000      0xde2
 .debug_macro   0x0000000000000000       0x1a main.o
 .debug_macro   0x000000000000001a      0xa60 main.o
 .debug_macro   0x0000000000000a7a      0x34e main.o
 .debug_macro   0x0000000000000dc8       0x1a common/startup.o

.debug_line     0x0000000000000000      0x199
 .debug_line    0x0000000000000000       0x81 main.o
 .debug_line    0x0000000000000081      0x118 common/startup.o

.debug_str      0x0000000000000000     0x367a
 .debug_str     0x0000000000000000     0x35e6 main.o
                                       0x3749 (size before relaxing)
 .debug_str     0x00000000000035e6       0x94 common/startup.o
                                       0x37ad (size before relaxing)

.comment        0x0000000000000000       0x33
 .comment       0x0000000000000000       0x33 main.o
                                         0x34 (size before relaxing)
 .comment       0x0000000000000033       0x34 common/startup.o

.ARM.attributes
                0x0000000000000000       0x2d
 .ARM.attributes
                0x0000000000000000       0x2d main.o
 .ARM.attributes
                0x000000000000002d       0x2d common/startup.o

.debug_frame    0x0000000000000000       0x78
 .debug_frame   0x0000000000000000       0x20 main.o
 .debug_frame   0x0000000000000020       0x58 common/startup.o

.debug_loc      0x0000000000000000       0x93
 .debug_loc     0x0000000000000000       0x93 common/startup.o
